﻿
> udyampath@1.0.0 build
> vite build

[36mvite v6.4.1 [32mbuilding for production...[36m[39m
transforming...
[32mΓ£ô[39m 30 modules transformed.
node.exe : [31mΓ£ù[39m Build failed in 928ms
At 
C:\Users\goura\AppData\Roaming\npm\npm.ps1:24 
char:5
+     & "node$exe"  
"$basedir/node_modules/npm/bin/npm-cli.js" 
$args
+     ~~~~~~~~~~~~~~~~~~~~~~~~~~~~~~~~~~~~~~~~~
~~~~~~~~~~~~~~~~~~~~~
    + CategoryInfo          : NotSpecified: 
([31    mΓ£ù[39m Build failed in 
928ms:String) [], R    emoteException
    + FullyQualifiedErrorId : 
NativeCommandError
 
[31merror during build:
[31m[vite:define] Transform failed with 1 
error:
C:/Users/goura/OneDrive/Desktop/UdyamPath/src/h
ooks/useOpenAI.js:11:30: ERROR: Syntax error 
"`"[31m
file: [36mC:/Users/goura/OneDrive/Desktop/Udya
mPath/src/hooks/useOpenAI.js[31m
    at failureErrorWithLog (C:\Users\goura\OneD
rive\Desktop\UdyamPath\node_modules\esbuild\lib
\main.js:1467:15)
    at C:\Users\goura\OneDrive\Desktop\UdyamPat
h\node_modules\esbuild\lib\main.js:736:50
    at responseCallbacks.<computed> (C:\Users\g
oura\OneDrive\Desktop\UdyamPath\node_modules\es
build\lib\main.js:603:9)
    at handleIncomingPacket (C:\Users\goura\One
Drive\Desktop\UdyamPath\node_modules\esbuild\li
b\main.js:658:12)
    at Socket.readFromStdout (C:\Users\goura\On
eDrive\Desktop\UdyamPath\node_modules\esbuild\l
ib\main.js:581:7)
    at Socket.emit (node:events:524:28)
    at addChunk 
(node:internal/streams/readable:561:12)
    at readableAddChunkPushByteMode 
(node:internal/streams/readable:512:3)
    at Readable.push 
(node:internal/streams/readable:392:5)
    at Pipe.onStreamRead 
(node:internal/stream_base_commons:191:23)[39m
